// Vitest Snapshot v1, https://vitest.dev/guide/snapshot.html

exports[`Content > Only Admin users can create, update, delete and inspect content types > As Admin user > POST /:projectId/contents 1`] = `
{
  "active": true,
  "children": [],
  "config": [],
  "data": null,
  "folderDepth": 0,
  "folderLocation": "/",
  "folderTarget": "",
  "isFolder": false,
  "name": "foo",
  "slug": "foo",
}
`;
